No syntax errors detected in src/Models/Transaction.php
No syntax errors detected in src/Models/User.php
No syntax errors detected in src/Models/Referral.php
No syntax errors detected in src/Models/Balance.php
No syntax errors detected in src/Models/Admin.php
No syntax errors detected in src/Models/Miner.php
No syntax errors detected in src/Helpers/Utils.php
No syntax errors detected in src/Helpers/Security.php
No syntax errors detected in src/Middleware/CsrfMiddleware.php
No syntax errors detected in src/Core/Model.php
No syntax errors detected in src/Core/Database.php
No syntax errors detected in src/Core/View.php
No syntax errors detected in src/Core/Controller.php
No syntax errors detected in src/Core/Session.php
No syntax errors detected in src/Controllers/ReferralController.php
No syntax errors detected in src/Controllers/WalletController.php
No syntax errors detected in src/Controllers/DashboardController.php
No syntax errors detected in src/Controllers/ProfileController.php
No syntax errors detected in src/Controllers/HomeController.php
No syntax errors detected in src/Controllers/Admin/AdminController.php
No syntax errors detected in src/Controllers/Admin/AuthController.php
No syntax errors detected in src/Controllers/MinerController.php
No syntax errors detected in src/Controllers/AuthController.php
